// Jest Snapshot v1, https://goo.gl/fbAQLP

exports[`renders correctly 1`] = `
<View
  style={
    Object {
      "backgroundColor": "#081631",
      "flexDirection": "row",
      "height": "100%",
      "justifyContent": "center",
    }
  }
>
  <View
    style={
      Array [
        Object {
          "alignItems": "center",
          "justifyContent": "center",
        },
        undefined,
      ]
    }
  >
    <View
      style={
        Object {
          "height": 24,
          "opacity": 1,
          "width": 24,
        }
      }
    >
      <View
        style={
          Object {
            "alignItems": "center",
            "bottom": 0,
            "justifyContent": "center",
            "left": 0,
            "position": "absolute",
            "right": 0,
            "top": 0,
          }
        }
      >
        <View
          style={
            Object {
              "height": 24,
              "transform": Array [
                Object {
                  "rotate": "45deg",
                },
              ],
              "width": 24,
            }
          }
        >
          <View
            collapsable={false}
            style={
              Object {
                "height": 12,
                "overflow": "hidden",
                "width": 24,
              }
            }
          >
            <View
              style={
                Object {
                  "height": 24,
                  "transform": Array [
                    Object {
                      "translateY": 0,
                    },
                    Object {
                      "rotate": "-165deg",
                    },
                  ],
                  "width": 24,
                }
              }
            >
              <View
                collapsable={false}
                style={
                  Object {
                    "height": 12,
                    "overflow": "hidden",
                    "width": 24,
                  }
                }
              >
                <View
                  style={
                    Object {
                      "borderColor": "#f90024",
                      "borderRadius": 12,
                      "borderWidth": 2.4,
                      "height": 24,
                      "width": 24,
                    }
                  }
                />
              </View>
            </View>
          </View>
        </View>
      </View>
      <View
        style={
          Object {
            "alignItems": "center",
            "bottom": 0,
            "justifyContent": "center",
            "left": 0,
            "position": "absolute",
            "right": 0,
            "top": 0,
          }
        }
      >
        <View
          style={
            Object {
              "height": 24,
              "transform": Array [
                Object {
                  "rotate": "45deg",
                },
              ],
              "width": 24,
            }
          }
        >
          <View
            collapsable={false}
            style={
              Object {
                "height": 12,
                "overflow": "hidden",
                "top": 12,
                "width": 24,
              }
            }
          >
            <View
              style={
                Object {
                  "height": 24,
                  "transform": Array [
                    Object {
                      "translateY": -12,
                    },
                    Object {
                      "rotate": "345deg",
                    },
                  ],
                  "width": 24,
                }
              }
            >
              <View
                collapsable={false}
                style={
                  Object {
                    "height": 12,
                    "overflow": "hidden",
                    "width": 24,
                  }
                }
              >
                <View
                  style={
                    Object {
                      "borderColor": "#f90024",
                      "borderRadius": 12,
                      "borderWidth": 2.4,
                      "height": 24,
                      "width": 24,
                    }
                  }
                />
              </View>
            </View>
          </View>
        </View>
      </View>
    </View>
  </View>
  <Text
    style={
      Array [
        Object {
          "color": "#000000",
          "fontFamily": "System",
          "fontWeight": "400",
          "textAlign": "left",
        },
        Array [
          Object {
            "color": "rgba(0, 0, 0, 0.87)",
            "fontFamily": "System",
            "fontWeight": "400",
            "textAlign": "left",
            "writingDirection": "ltr",
          },
          Array [
            Object {
              "fontSize": 16,
              "letterSpacing": 0.5,
              "lineHeight": 24,
              "marginVertical": 2,
            },
            Object {
              "alignSelf": "center",
              "color": "white",
              "padding": "5%",
            },
          ],
          Array [
            Object {
              "fontSize": 16,
              "letterSpacing": 0.5,
              "lineHeight": 24,
              "marginVertical": 2,
            },
            Object {
              "alignSelf": "center",
              "color": "white",
              "padding": "5%",
            },
          ],
        ],
      ]
    }
  >
    Loading Posts
  </Text>
</View>
`;
